Looking in indexes: https://download.pytorch.org/whl/cu128
Collecting torch
  Using cached https://download-r2.pytorch.org/whl/cu128/torch-2.11.0%2Bcu128-cp312-cp312-win_amd64.whl.metadata (29 kB)
Collecting torchvision
  Using cached https://download-r2.pytorch.org/whl/cu128/torchvision-0.26.0%2Bcu128-cp312-cp312-win_amd64.whl.metadata (5.6 kB)
Requirement already satisfied: filelock in d:\anaconda3\lib\site-packages (from torch) (3.13.1)
Requirement already satisfied: typing-extensions>=4.10.0 in d:\anaconda3\lib\site-packages (from torch) (4.11.0)
Requirement already satisfied: setuptools<82 in d:\anaconda3\lib\site-packages (from torch) (75.1.0)
Collecting sympy>=1.13.3 (from torch)
  Using cached sympy-1.14.0-py3-none-any.whl.metadata (12 kB)
Requirement already satisfied: networkx>=2.5.1 in d:\anaconda3\lib\site-packages (from torch) (3.3)
Requirement already satisfied: jinja2 in d:\anaconda3\lib\site-packages (from torch) (3.1.4)
Requirement already satisfied: fsspec>=0.8.5 in d:\anaconda3\lib\site-packages (from torch) (2024.6.1)
Requirement already satisfied: numpy in d:\anaconda3\lib\site-packages (from torchvision) (1.26.4)
Requirement already satisfied: pillow!=8.3.*,>=5.3.0 in d:\anaconda3\lib\site-packages (from torchvision) (10.4.0)
Requirement already satisfied: mpmath<1.4,>=1.1.0 in d:\anaconda3\lib\site-packages (from sympy>=1.13.3->torch) (1.3.0)
Requirement already satisfied: MarkupSafe>=2.0 in d:\anaconda3\lib\site-packages (from jinja2->torch) (2.1.3)
Downloading https://download-r2.pytorch.org/whl/cu128/torch-2.11.0%2Bcu128-cp312-cp312-win_amd64.whl (2753.2 MB)
   ---------------------------------------- 2.8/2.8 GB 13.3 MB/s eta 0:00:00
Using cached https://download-r2.pytorch.org/whl/cu128/torchvision-0.26.0%2Bcu128-cp312-cp312-win_amd64.whl (9.6 MB)
Using cached sympy-1.14.0-py3-none-any.whl (6.3 MB)
Installing collected packages: sympy, torch, torchvision
Successfully installed sympy-1.14.0 torch-2.11.0+cu128 torchvision-0.26.0+cu128
